node : ÔÜá turbopack.root should be absolute, using: 
C:\Users\Dell\Desktop\Github\stellar_client_os
At C:\Users\Dell\Desktop\Github\stellar_client_os\run-checks.ps1:4 char:1
+ node node_modules/next/dist/bin/next build > "$PSScriptRoot/build-out ...
+ ~~~~~~~~~~~~~~~~~~~~~~~~~~~~~~~~~~~~~~~~~~~~~~~~~~~~~~~~~~~~~~~~~~~~~
    + CategoryInfo          : NotSpecified: (ÔÜá turbopack.r...ellar_client_os:String) [], Remote 
   Exception
    + FullyQualifiedErrorId : NativeCommandError
 
Ôû▓ Next.js 16.1.2 (Turbopack)

  Creating an optimized production build ...
Ô£ô Compiled successfully in 77s
  Running TypeScript ...
  Collecting page data using 7 workers ...
  Generating static pages using 7 workers (0/10) ...
bigint: Failed to load bindings, pure JS will be used (try npm run rebuild?)
  Generating static pages using 7 workers (2/10) 
  Generating static pages using 7 workers (4/10) 
  Generating static pages using 7 workers (7/10) 
Ô£ô Generating static pages using 7 workers (10/10) in 3.3s
  Finalizing page optimization ...

Route (app)
Ôöî Ôùï /
Ôö£ Ôùï /_not-found
Ôö£ Ôùï /balances
Ôö£ Ôùï /dashboard
Ôö£ Ôùï /distribution
Ôö£ Ôùï /history
Ôö£ Ôùï /offramp
Ôöö Ôùï /payment-stream


Ôùï  (Static)  prerendered as static content

EXIT_CODE:0
